---
source: crates/mycelium-hyphae/src/parser.rs
assertion_line: 568
expression: result
---
Ok(
    SelectorList(
        [
            Simple(
                SimpleSelector {
                    base: Name(
                        "my-symbol",
                    ),
                    pseudo_classes: [],
                },
            ),
        ],
    ),
)
