---
source: crates/mycelium-hyphae/src/parser.rs
assertion_line: 569
expression: result
---
Ok(
    SelectorList(
        [
            Simple(
                SimpleSelector {
                    base: Kind(
                        "arrow-function",
                    ),
                    pseudo_classes: [],
                },
            ),
        ],
    ),
)
