---
source: crates/mycelium-hyphae/src/parser.rs
assertion_line: 567
expression: result
---
Ok(
    SelectorList(
        [
            Simple(
                SimpleSelector {
                    base: Universal,
                    pseudo_classes: [
                        PseudoClass {
                            name: "calls",
                            argument: None,
                        },
                    ],
                },
            ),
        ],
    ),
)
