---
source: crates/mycelium-hyphae/src/parser.rs
assertion_line: 560
expression: result
---
Ok(
    SelectorList(
        [
            Simple(
                SimpleSelector {
                    base: Name(
                        "foo",
                    ),
                    pseudo_classes: [],
                },
            ),
            Simple(
                SimpleSelector {
                    base: Kind(
                        "bar",
                    ),
                    pseudo_classes: [],
                },
            ),
        ],
    ),
)
